------------------------------------------------------------
Timing Analyzer Summary
------------------------------------------------------------

Type  : Slow 1200mV 85C Model Setup 'openmips:openmips0|id_ex:id_ex0|ex_aluop[1]'
Slack : -22.756
TNS   : -3024.197

Type  : Slow 1200mV 85C Model Setup 'clk'
Slack : -17.606
TNS   : -29491.619

Type  : Slow 1200mV 85C Model Setup 'openmips:openmips0|ex:ex0|csr_reg_read_addr_o[0]'
Slack : -15.463
TNS   : -415.074

Type  : Slow 1200mV 85C Model Setup 'gpio_top:gpio_top0|wb_ack_o'
Slack : -9.997
TNS   : -586.476

Type  : Slow 1200mV 85C Model Setup 'openmips:openmips0|ex_mem:ex_mem0|mem_aluop[0]'
Slack : -7.470
TNS   : -289.511

Type  : Slow 1200mV 85C Model Setup 'rst'
Slack : -4.446
TNS   : -29.934

Type  : Slow 1200mV 85C Model Hold 'openmips:openmips0|ex:ex0|csr_reg_read_addr_o[0]'
Slack : -4.961
TNS   : -100.578

Type  : Slow 1200mV 85C Model Hold 'gpio_top:gpio_top0|wb_ack_o'
Slack : -3.266
TNS   : -89.287

Type  : Slow 1200mV 85C Model Hold 'openmips:openmips0|ex_mem:ex_mem0|mem_aluop[0]'
Slack : -2.472
TNS   : -70.858

Type  : Slow 1200mV 85C Model Hold 'openmips:openmips0|id_ex:id_ex0|ex_aluop[1]'
Slack : -1.933
TNS   : -66.212

Type  : Slow 1200mV 85C Model Hold 'clk'
Slack : -0.619
TNS   : -1.160

Type  : Slow 1200mV 85C Model Hold 'rst'
Slack : 1.565
TNS   : 0.000

Type  : Slow 1200mV 85C Model Recovery 'openmips:openmips0|ex:ex0|csr_reg_read_addr_o[0]'
Slack : -6.924
TNS   : -28.323

Type  : Slow 1200mV 85C Model Recovery 'openmips:openmips0|id_ex:id_ex0|ex_aluop[1]'
Slack : -4.369
TNS   : -261.711

Type  : Slow 1200mV 85C Model Recovery 'gpio_top:gpio_top0|wb_ack_o'
Slack : -3.585
TNS   : -93.170

Type  : Slow 1200mV 85C Model Recovery 'openmips:openmips0|ex_mem:ex_mem0|mem_aluop[0]'
Slack : -3.318
TNS   : -71.252

Type  : Slow 1200mV 85C Model Recovery 'clk'
Slack : -1.519
TNS   : -1052.194

Type  : Slow 1200mV 85C Model Removal 'openmips:openmips0|ex:ex0|csr_reg_read_addr_o[0]'
Slack : -6.237
TNS   : -141.907

Type  : Slow 1200mV 85C Model Removal 'gpio_top:gpio_top0|wb_ack_o'
Slack : -6.055
TNS   : -131.361

Type  : Slow 1200mV 85C Model Removal 'openmips:openmips0|ex_mem:ex_mem0|mem_aluop[0]'
Slack : -4.771
TNS   : -105.755

Type  : Slow 1200mV 85C Model Removal 'openmips:openmips0|id_ex:id_ex0|ex_aluop[1]'
Slack : -4.583
TNS   : -248.228

Type  : Slow 1200mV 85C Model Removal 'clk'
Slack : 0.667
TNS   : 0.000

Type  : Slow 1200mV 85C Model Minimum Pulse Width 'clk'
Slack : -3.201
TNS   : -5368.425

Type  : Slow 1200mV 85C Model Minimum Pulse Width 'openmips:openmips0|ex:ex0|csr_reg_read_addr_o[0]'
Slack : -3.185
TNS   : -789.794

Type  : Slow 1200mV 85C Model Minimum Pulse Width 'rst'
Slack : -3.000
TNS   : -3.000

Type  : Slow 1200mV 85C Model Minimum Pulse Width 'openmips:openmips0|id_ex:id_ex0|ex_aluop[1]'
Slack : -1.553
TNS   : -187.603

Type  : Slow 1200mV 85C Model Minimum Pulse Width 'gpio_top:gpio_top0|wb_ack_o'
Slack : -1.013
TNS   : -131.840

Type  : Slow 1200mV 85C Model Minimum Pulse Width 'openmips:openmips0|ex_mem:ex_mem0|mem_aluop[0]'
Slack : 0.260
TNS   : 0.000

Type  : Slow 1200mV 0C Model Setup 'openmips:openmips0|id_ex:id_ex0|ex_aluop[1]'
Slack : -21.115
TNS   : -2864.682

Type  : Slow 1200mV 0C Model Setup 'clk'
Slack : -16.554
TNS   : -27790.098

Type  : Slow 1200mV 0C Model Setup 'openmips:openmips0|ex:ex0|csr_reg_read_addr_o[0]'
Slack : -14.853
TNS   : -393.157

Type  : Slow 1200mV 0C Model Setup 'gpio_top:gpio_top0|wb_ack_o'
Slack : -9.543
TNS   : -563.353

Type  : Slow 1200mV 0C Model Setup 'openmips:openmips0|ex_mem:ex_mem0|mem_aluop[0]'
Slack : -6.888
TNS   : -277.869

Type  : Slow 1200mV 0C Model Setup 'rst'
Slack : -4.278
TNS   : -28.335

Type  : Slow 1200mV 0C Model Hold 'openmips:openmips0|ex:ex0|csr_reg_read_addr_o[0]'
Slack : -4.351
TNS   : -91.028

Type  : Slow 1200mV 0C Model Hold 'gpio_top:gpio_top0|wb_ack_o'
Slack : -2.939
TNS   : -79.384

Type  : Slow 1200mV 0C Model Hold 'openmips:openmips0|ex_mem:ex_mem0|mem_aluop[0]'
Slack : -2.452
TNS   : -70.498

Type  : Slow 1200mV 0C Model Hold 'openmips:openmips0|id_ex:id_ex0|ex_aluop[1]'
Slack : -1.590
TNS   : -64.610

Type  : Slow 1200mV 0C Model Hold 'clk'
Slack : -0.489
TNS   : -0.793

Type  : Slow 1200mV 0C Model Hold 'rst'
Slack : 1.455
TNS   : 0.000

Type  : Slow 1200mV 0C Model Recovery 'openmips:openmips0|ex:ex0|csr_reg_read_addr_o[0]'
Slack : -6.941
TNS   : -30.552

Type  : Slow 1200mV 0C Model Recovery 'openmips:openmips0|id_ex:id_ex0|ex_aluop[1]'
Slack : -4.485
TNS   : -265.760

Type  : Slow 1200mV 0C Model Recovery 'gpio_top:gpio_top0|wb_ack_o'
Slack : -3.725
TNS   : -104.130

Type  : Slow 1200mV 0C Model Recovery 'openmips:openmips0|ex_mem:ex_mem0|mem_aluop[0]'
Slack : -3.345
TNS   : -75.145

Type  : Slow 1200mV 0C Model Recovery 'clk'
Slack : -1.299
TNS   : -876.742

Type  : Slow 1200mV 0C Model Removal 'openmips:openmips0|ex:ex0|csr_reg_read_addr_o[0]'
Slack : -5.541
TNS   : -124.523

Type  : Slow 1200mV 0C Model Removal 'gpio_top:gpio_top0|wb_ack_o'
Slack : -5.487
TNS   : -117.747

Type  : Slow 1200mV 0C Model Removal 'openmips:openmips0|ex_mem:ex_mem0|mem_aluop[0]'
Slack : -4.390
TNS   : -95.237

Type  : Slow 1200mV 0C Model Removal 'openmips:openmips0|id_ex:id_ex0|ex_aluop[1]'
Slack : -4.277
TNS   : -230.165

Type  : Slow 1200mV 0C Model Removal 'clk'
Slack : 0.718
TNS   : 0.000

Type  : Slow 1200mV 0C Model Minimum Pulse Width 'clk'
Slack : -3.201
TNS   : -5368.942

Type  : Slow 1200mV 0C Model Minimum Pulse Width 'openmips:openmips0|ex:ex0|csr_reg_read_addr_o[0]'
Slack : -3.187
TNS   : -722.617

Type  : Slow 1200mV 0C Model Minimum Pulse Width 'rst'
Slack : -3.000
TNS   : -3.000

Type  : Slow 1200mV 0C Model Minimum Pulse Width 'openmips:openmips0|id_ex:id_ex0|ex_aluop[1]'
Slack : -1.708
TNS   : -171.796

Type  : Slow 1200mV 0C Model Minimum Pulse Width 'gpio_top:gpio_top0|wb_ack_o'
Slack : -1.023
TNS   : -122.359

Type  : Slow 1200mV 0C Model Minimum Pulse Width 'openmips:openmips0|ex_mem:ex_mem0|mem_aluop[0]'
Slack : -0.010
TNS   : -0.012

Type  : Fast 1200mV 0C Model Setup 'openmips:openmips0|id_ex:id_ex0|ex_aluop[1]'
Slack : -9.535
TNS   : -1243.612

Type  : Fast 1200mV 0C Model Setup 'clk'
Slack : -7.844
TNS   : -11579.315

Type  : Fast 1200mV 0C Model Setup 'openmips:openmips0|ex:ex0|csr_reg_read_addr_o[0]'
Slack : -7.099
TNS   : -188.958

Type  : Fast 1200mV 0C Model Setup 'gpio_top:gpio_top0|wb_ack_o'
Slack : -4.108
TNS   : -222.727

Type  : Fast 1200mV 0C Model Setup 'openmips:openmips0|ex_mem:ex_mem0|mem_aluop[0]'
Slack : -2.662
TNS   : -95.264

Type  : Fast 1200mV 0C Model Setup 'rst'
Slack : -1.072
TNS   : -2.834

Type  : Fast 1200mV 0C Model Hold 'openmips:openmips0|ex:ex0|csr_reg_read_addr_o[0]'
Slack : -2.404
TNS   : -49.950

Type  : Fast 1200mV 0C Model Hold 'gpio_top:gpio_top0|wb_ack_o'
Slack : -1.502
TNS   : -41.249

Type  : Fast 1200mV 0C Model Hold 'openmips:openmips0|id_ex:id_ex0|ex_aluop[1]'
Slack : -1.296
TNS   : -50.285

Type  : Fast 1200mV 0C Model Hold 'openmips:openmips0|ex_mem:ex_mem0|mem_aluop[0]'
Slack : -1.200
TNS   : -35.292

Type  : Fast 1200mV 0C Model Hold 'clk'
Slack : -0.343
TNS   : -1.622

Type  : Fast 1200mV 0C Model Hold 'rst'
Slack : 0.323
TNS   : 0.000

Type  : Fast 1200mV 0C Model Recovery 'openmips:openmips0|ex:ex0|csr_reg_read_addr_o[0]'
Slack : -3.419
TNS   : -15.557

Type  : Fast 1200mV 0C Model Recovery 'openmips:openmips0|id_ex:id_ex0|ex_aluop[1]'
Slack : -2.331
TNS   : -136.417

Type  : Fast 1200mV 0C Model Recovery 'openmips:openmips0|ex_mem:ex_mem0|mem_aluop[0]'
Slack : -2.149
TNS   : -33.790

Type  : Fast 1200mV 0C Model Recovery 'gpio_top:gpio_top0|wb_ack_o'
Slack : -1.473
TNS   : -26.443

Type  : Fast 1200mV 0C Model Recovery 'clk'
Slack : -1.068
TNS   : -786.390

Type  : Fast 1200mV 0C Model Removal 'openmips:openmips0|ex:ex0|csr_reg_read_addr_o[0]'
Slack : -2.924
TNS   : -68.645

Type  : Fast 1200mV 0C Model Removal 'gpio_top:gpio_top0|wb_ack_o'
Slack : -2.478
TNS   : -49.795

Type  : Fast 1200mV 0C Model Removal 'openmips:openmips0|ex_mem:ex_mem0|mem_aluop[0]'
Slack : -2.176
TNS   : -46.889

Type  : Fast 1200mV 0C Model Removal 'openmips:openmips0|id_ex:id_ex0|ex_aluop[1]'
Slack : -1.942
TNS   : -104.335

Type  : Fast 1200mV 0C Model Removal 'clk'
Slack : 0.094
TNS   : 0.000

Type  : Fast 1200mV 0C Model Minimum Pulse Width 'clk'
Slack : -3.000
TNS   : -4703.200

Type  : Fast 1200mV 0C Model Minimum Pulse Width 'rst'
Slack : -3.000
TNS   : -7.148

Type  : Fast 1200mV 0C Model Minimum Pulse Width 'openmips:openmips0|ex:ex0|csr_reg_read_addr_o[0]'
Slack : -1.056
TNS   : -243.484

Type  : Fast 1200mV 0C Model Minimum Pulse Width 'openmips:openmips0|id_ex:id_ex0|ex_aluop[1]'
Slack : -0.592
TNS   : -38.566

Type  : Fast 1200mV 0C Model Minimum Pulse Width 'gpio_top:gpio_top0|wb_ack_o'
Slack : -0.279
TNS   : -22.605

Type  : Fast 1200mV 0C Model Minimum Pulse Width 'openmips:openmips0|ex_mem:ex_mem0|mem_aluop[0]'
Slack : 0.268
TNS   : 0.000

------------------------------------------------------------
